[index.html]
[backblue.gif]
[fade.gif]
[index.html]
[assets/css/font-awesome.min.css]
[assets/cdn-cgi/zaraz/sd41d.js]
[assets/css/animate.css+owl.carousel.min.css+owl.theme.default.min.css+magnific-popup.css+flaticon.css+style.css.pagespeed.cc.qYAqQvmw7l.css]
[index-2.html]
[about.html]
[pricing.html]
[portfolio.html]
[blog.html]
[contact.html]
[assets/images/bg_1.jpg]
[assets/images/bg_2.jpg]
[assets/images/about-1.jpg]
[assets/images/bg_4.jpg]
[assets/images/about-2.jpg]
[assets/images/staff-1.jpg]
[assets/images/staff-2.jpg]
[assets/images/staff-3.jpg]
[assets/images/staff-4.jpg]
[assets/images/staff-5.jpg]
[assets/images/work-1.jpg]
[portfolio-single.html]
[assets/images/work-2.jpg]
[assets/images/work-3.jpg]
[assets/images/work-4.jpg]
[assets/images/work-5.jpg]
[assets/images/work-6.jpg]
[assets/images/person_1.jpg]
[assets/images/person_2.jpg]
[assets/images/person_3.jpg]
[blog-single.html]
[assets/images/image_1.jpg]
[assets/images/image_2.jpg]
[assets/images/image_3.jpg]
[assets/cdn-cgi/scripts/5c5dd728/cloudflare-static/email-decode.min.js]
[assets/js/jquery-migrate-3.0.1.min.js+popper.min.js+bootstrap.min.js.pagespeed.jc.4infH6hayr.js]
[assets/js/jquery.min.js]
[assets/js/jquery.easing.1.3.js+jquery.waypoints.min.js+jquery.stellar.min.js+owl.carousel.min.js.pagespeed.jc.wZ4uGdugvA.js]
[index.html]
[assets/css/font-awesome.min.css]
[assets/js/jquery.magnific-popup.min.js+jquery.animateNumber.min.js+scrollax.min.js+google-map.js+main.js.pagespeed.jc.k5-l3qe_JK.js]
[assets/css/owl.video.play.png]
[assets/fonts/flaticon/font/Flaticon.eot]
[assets/fonts/flaticon/font/Flaticond41d.eot]
[assets/fonts/flaticon/font/Flaticon.woff]
[assets/fonts/flaticon/font/Flaticon.ttf]
[assets/fonts/flaticon/font/Flaticon.svg]
[assets/images/use_your_illusion.png]
[assets/css/animate.css+owl.carousel.min.css+owl.theme.default.min.css+magnific-popup.css+flaticon.css+style.css.pagespeed.cc.qYAqQvmw7l.css]
[assets/images/xbg_1.jpg.pagespeed.ic.C4ltd2p0C9.jpg]
[assets/images/bg_1.jpg.pagespeed.ic._SnGDHYPFu.jpg]
[assets/images/about-1.jpg.pagespeed.ic.akjHwrNTaM.jpg]
[assets/images/bg_4.jpg.pagespeed.ic.jsNSabbn7j.jpg]
[assets/images/about-2.jpg.pagespeed.ic.GABFWe5WUO.jpg]
[assets/images/xstaff-1.jpg.pagespeed.ic.eGaw1QpE70.jpg]
[assets/images/xstaff-3.jpg.pagespeed.ic.SDiG7_j0Ni.jpg]
[assets/images/xstaff-4.jpg.pagespeed.ic.6AuFgYdSNm.jpg]
[index-2.html]
[about.html]
[pricing.html]
[assets/images/xwork-1.jpg.pagespeed.ic.ll4YaSK4EN.jpg]
[assets/css/A.animate.css+owl.carousel.min.css+owl.theme.default.min.css+magnific-popup.css+flaticon.css+style.css,Mcc.qYAqQvmw7l.css.pagespeed.cf.0xZNAPcLLI.css]
[assets/images/xwork-2.jpg.pagespeed.ic.r-iPsMtsGp.jpg]
[assets/images/xwork-3.jpg.pagespeed.ic.KnEiS52Z3l.jpg]
[assets/images/xwork-4.jpg.pagespeed.ic.LMea4nnNOz.jpg]
[assets/images/xwork-5.jpg.pagespeed.ic.N4-vlzk0jd.jpg]
[assets/images/xwork-6.jpg.pagespeed.ic.PzhabOq8x7.jpg]
[assets/images/work-7.jpg]
[assets/images/work-8.jpg]
[assets/images/work-9.jpg]
[portfolio.html]
[assets/images/image_4.jpg]
[assets/images/image_5.jpg]
[assets/images/image_6.jpg]
[blog.html]
[contact.html]
[assets/images/image_1.jpg.pagespeed.ic.2BInOJMs0v.jpg]
[assets/images/xperson_1.jpg.pagespeed.ic.P4pHl6glbj.jpg]
[portfolio-single.html]
[assets/images/image_2.jpg.pagespeed.ic.fDt7QyzCfC.jpg]
[assets/images/ximage_3.jpg.pagespeed.ic.CzImA-z_Ch.jpg]
[blog-single.html]
[assets/css/owl.video.play.html]
[assets/fonts/flaticon/font/Flaticon.svg]
[assets/images/xuse_your_illusion.png.pagespeed.ic.Ck0WuiGu0U.png]
[assets/css/A.animate.css+owl.carousel.min.css+owl.theme.default.min.css+magnific-popup.css+flaticon.css+style.css,Mcc.qYAqQvmw7l.css.pagespeed.cf.0xZNAPcLLI.css]
